---
source: zap/tests/selene/mod.rs
expression: client_diagnostics
input_file: zap/tests/files/function_one_unnamed_parameter.zap
---
[]
