---
source: zap/tests/selene/mod.rs
expression: client_diagnostics
input_file: zap/tests/files/regression_153.zap
---
[]
