---
source: zap/tests/lune/mod.rs
expression: result
input_file: zap/tests/files/two_unnamed_parameters.zap
---
Ok(
    0,
)
