---
source: zap/tests/lune/mod.rs
expression: result
input_file: zap/tests/files/function_mutiple_rets.zap
---
Ok(
    0,
)
